[2026-04-16T17:39:45.115+0900][gc] Using G1
[2026-04-16T17:39:45.116+0900][gc,init] Version: 17.0.18+0 (release)
[2026-04-16T17:39:45.116+0900][gc,init] CPUs: 10 total, 10 available
[2026-04-16T17:39:45.116+0900][gc,init] Memory: 16384M
[2026-04-16T17:39:45.116+0900][gc,init] Large Page Support: Disabled
[2026-04-16T17:39:45.116+0900][gc,init] NUMA Support: Disabled
[2026-04-16T17:39:45.116+0900][gc,init] Compressed Oops: Enabled (Zero based)
[2026-04-16T17:39:45.116+0900][gc,init] Heap Region Size: 1M
[2026-04-16T17:39:45.116+0900][gc,init] Heap Min Capacity: 1G
[2026-04-16T17:39:45.116+0900][gc,init] Heap Initial Capacity: 1G
[2026-04-16T17:39:45.116+0900][gc,init] Heap Max Capacity: 1G
[2026-04-16T17:39:45.116+0900][gc,init] Pre-touch: Disabled
[2026-04-16T17:39:45.116+0900][gc,init] Parallel Workers: 9
[2026-04-16T17:39:45.116+0900][gc,init] Concurrent Workers: 2
[2026-04-16T17:39:45.116+0900][gc,init] Concurrent Refinement Workers: 9
[2026-04-16T17:39:45.116+0900][gc,init] Periodic GC: Disabled
[2026-04-16T17:39:45.118+0900][gc,metaspace] CDS archive(s) mapped at: [0x0000008800000000-0x0000008800bc0000-0x0000008800bc0000), size 12320768, SharedBaseAddress: 0x0000008800000000, ArchiveRelocationMode: 1.
[2026-04-16T17:39:45.118+0900][gc,metaspace] Compressed class space mapped at: 0x0000008801000000-0x0000008841000000, reserved size: 1073741824
[2026-04-16T17:39:45.118+0900][gc,metaspace] Narrow klass base: 0x0000008800000000, Narrow klass shift: 0, Narrow klass range: 0x100000000
[2026-04-16T17:39:50.403+0900][gc,start    ] GC(0) Pause Young (Normal) (G1 Evacuation Pause)
[2026-04-16T17:39:50.403+0900][gc,task     ] GC(0) Using 9 workers of 9 for evacuation
[2026-04-16T17:39:50.405+0900][gc,phases   ] GC(0)   Pre Evacuate Collection Set: 0.06ms
[2026-04-16T17:39:50.405+0900][gc,phases   ] GC(0)   Merge Heap Roots: 0.03ms
[2026-04-16T17:39:50.405+0900][gc,phases   ] GC(0)   Evacuate Collection Set: 1.54ms
[2026-04-16T17:39:50.405+0900][gc,phases   ] GC(0)   Post Evacuate Collection Set: 0.16ms
[2026-04-16T17:39:50.405+0900][gc,phases   ] GC(0)   Other: 0.21ms
[2026-04-16T17:39:50.405+0900][gc,heap     ] GC(0) Eden regions: 51->0(44)
[2026-04-16T17:39:50.405+0900][gc,heap     ] GC(0) Survivor regions: 0->7(7)
[2026-04-16T17:39:50.405+0900][gc,heap     ] GC(0) Old regions: 0->2
[2026-04-16T17:39:50.405+0900][gc,heap     ] GC(0) Archive regions: 2->2
[2026-04-16T17:39:50.405+0900][gc,heap     ] GC(0) Humongous regions: 0->0
[2026-04-16T17:39:50.405+0900][gc,metaspace] GC(0) Metaspace: 17277K(17472K)->17277K(17472K) NonClass: 15316K(15424K)->15316K(15424K) Class: 1961K(2048K)->1961K(2048K)
[2026-04-16T17:39:50.405+0900][gc          ] GC(0) Pause Young (Normal) (G1 Evacuation Pause) 51M->9M(1024M) 2.042ms
[2026-04-16T17:39:50.405+0900][gc,cpu      ] GC(0) User=0.01s Sys=0.01s Real=0.00s
[2026-04-16T17:39:50.442+0900][gc,start    ] GC(1) Pause Young (Concurrent Start) (Metadata GC Threshold)
[2026-04-16T17:39:50.442+0900][gc,task     ] GC(1) Using 9 workers of 9 for evacuation
[2026-04-16T17:39:50.443+0900][gc,phases   ] GC(1)   Pre Evacuate Collection Set: 0.06ms
[2026-04-16T17:39:50.443+0900][gc,phases   ] GC(1)   Merge Heap Roots: 0.03ms
[2026-04-16T17:39:50.443+0900][gc,phases   ] GC(1)   Evacuate Collection Set: 0.93ms
[2026-04-16T17:39:50.443+0900][gc,phases   ] GC(1)   Post Evacuate Collection Set: 0.11ms
[2026-04-16T17:39:50.443+0900][gc,phases   ] GC(1)   Other: 0.06ms
[2026-04-16T17:39:50.443+0900][gc,heap     ] GC(1) Eden regions: 14->0(49)
[2026-04-16T17:39:50.443+0900][gc,heap     ] GC(1) Survivor regions: 7->2(7)
[2026-04-16T17:39:50.443+0900][gc,heap     ] GC(1) Old regions: 2->9
[2026-04-16T17:39:50.443+0900][gc,heap     ] GC(1) Archive regions: 2->2
[2026-04-16T17:39:50.443+0900][gc,heap     ] GC(1) Humongous regions: 0->0
[2026-04-16T17:39:50.443+0900][gc,metaspace] GC(1) Metaspace: 21325K(21504K)->21325K(21504K) NonClass: 18979K(19072K)->18979K(19072K) Class: 2345K(2432K)->2345K(2432K)
[2026-04-16T17:39:50.443+0900][gc          ] GC(1) Pause Young (Concurrent Start) (Metadata GC Threshold) 23M->10M(1024M) 1.246ms
[2026-04-16T17:39:50.443+0900][gc,cpu      ] GC(1) User=0.01s Sys=0.00s Real=0.00s
[2026-04-16T17:39:50.443+0900][gc          ] GC(2) Concurrent Mark Cycle
[2026-04-16T17:39:50.443+0900][gc,marking  ] GC(2) Concurrent Clear Claimed Marks
[2026-04-16T17:39:50.443+0900][gc,marking  ] GC(2) Concurrent Clear Claimed Marks 0.006ms
[2026-04-16T17:39:50.443+0900][gc,marking  ] GC(2) Concurrent Scan Root Regions
[2026-04-16T17:39:50.444+0900][gc,marking  ] GC(2) Concurrent Scan Root Regions 0.699ms
[2026-04-16T17:39:50.444+0900][gc,marking  ] GC(2) Concurrent Mark
[2026-04-16T17:39:50.444+0900][gc,marking  ] GC(2) Concurrent Mark From Roots
[2026-04-16T17:39:50.444+0900][gc,task     ] GC(2) Using 2 workers of 2 for marking
[2026-04-16T17:39:50.445+0900][gc,marking  ] GC(2) Concurrent Mark From Roots 0.928ms
[2026-04-16T17:39:50.445+0900][gc,marking  ] GC(2) Concurrent Preclean
[2026-04-16T17:39:50.445+0900][gc,marking  ] GC(2) Concurrent Preclean 0.011ms
[2026-04-16T17:39:50.445+0900][gc,start    ] GC(2) Pause Remark
[2026-04-16T17:39:50.445+0900][gc          ] GC(2) Pause Remark 10M->10M(1024M) 0.525ms
[2026-04-16T17:39:50.445+0900][gc,cpu      ] GC(2) User=0.00s Sys=0.00s Real=0.00s
[2026-04-16T17:39:50.445+0900][gc,marking  ] GC(2) Concurrent Mark 1.521ms
[2026-04-16T17:39:50.445+0900][gc,marking  ] GC(2) Concurrent Rebuild Remembered Sets
[2026-04-16T17:39:50.447+0900][gc,marking  ] GC(2) Concurrent Rebuild Remembered Sets 1.016ms
[2026-04-16T17:39:50.447+0900][gc,start    ] GC(2) Pause Cleanup
[2026-04-16T17:39:50.447+0900][gc          ] GC(2) Pause Cleanup 11M->11M(1024M) 0.044ms
[2026-04-16T17:39:50.447+0900][gc,cpu      ] GC(2) User=0.00s Sys=0.00s Real=0.00s
[2026-04-16T17:39:50.447+0900][gc,marking  ] GC(2) Concurrent Cleanup for Next Mark
[2026-04-16T17:39:50.447+0900][gc,marking  ] GC(2) Concurrent Cleanup for Next Mark 0.770ms
[2026-04-16T17:39:50.447+0900][gc          ] GC(2) Concurrent Mark Cycle 4.146ms
[2026-04-16T17:39:50.599+0900][gc,start    ] GC(3) Pause Young (Normal) (G1 Evacuation Pause)
[2026-04-16T17:39:50.599+0900][gc,task     ] GC(3) Using 9 workers of 9 for evacuation
[2026-04-16T17:39:50.600+0900][gc,phases   ] GC(3)   Pre Evacuate Collection Set: 0.05ms
[2026-04-16T17:39:50.600+0900][gc,phases   ] GC(3)   Merge Heap Roots: 0.03ms
[2026-04-16T17:39:50.600+0900][gc,phases   ] GC(3)   Evacuate Collection Set: 0.89ms
[2026-04-16T17:39:50.600+0900][gc,phases   ] GC(3)   Post Evacuate Collection Set: 0.14ms
[2026-04-16T17:39:50.600+0900][gc,phases   ] GC(3)   Other: 0.04ms
[2026-04-16T17:39:50.600+0900][gc,heap     ] GC(3) Eden regions: 49->0(47)
[2026-04-16T17:39:50.600+0900][gc,heap     ] GC(3) Survivor regions: 2->4(7)
[2026-04-16T17:39:50.600+0900][gc,heap     ] GC(3) Old regions: 9->9
[2026-04-16T17:39:50.600+0900][gc,heap     ] GC(3) Archive regions: 2->2
[2026-04-16T17:39:50.600+0900][gc,heap     ] GC(3) Humongous regions: 9->9
[2026-04-16T17:39:50.600+0900][gc,metaspace] GC(3) Metaspace: 31468K(31744K)->31468K(31744K) NonClass: 27890K(28032K)->27890K(28032K) Class: 3578K(3712K)->3578K(3712K)
[2026-04-16T17:39:50.600+0900][gc          ] GC(3) Pause Young (Normal) (G1 Evacuation Pause) 68M->21M(1024M) 1.197ms
[2026-04-16T17:39:50.600+0900][gc,cpu      ] GC(3) User=0.01s Sys=0.00s Real=0.01s
[2026-04-16T17:39:50.649+0900][gc,start    ] GC(4) Pause Young (Concurrent Start) (Metadata GC Threshold)
[2026-04-16T17:39:50.649+0900][gc,task     ] GC(4) Using 9 workers of 9 for evacuation
[2026-04-16T17:39:50.651+0900][gc,phases   ] GC(4)   Pre Evacuate Collection Set: 0.10ms
[2026-04-16T17:39:50.651+0900][gc,phases   ] GC(4)   Merge Heap Roots: 0.02ms
[2026-04-16T17:39:50.651+0900][gc,phases   ] GC(4)   Evacuate Collection Set: 1.18ms
[2026-04-16T17:39:50.651+0900][gc,phases   ] GC(4)   Post Evacuate Collection Set: 0.14ms
[2026-04-16T17:39:50.651+0900][gc,phases   ] GC(4)   Other: 0.05ms
[2026-04-16T17:39:50.651+0900][gc,heap     ] GC(4) Eden regions: 27->0(44)
[2026-04-16T17:39:50.651+0900][gc,heap     ] GC(4) Survivor regions: 4->7(7)
[2026-04-16T17:39:50.651+0900][gc,heap     ] GC(4) Old regions: 9->10
[2026-04-16T17:39:50.651+0900][gc,heap     ] GC(4) Archive regions: 2->2
[2026-04-16T17:39:50.651+0900][gc,heap     ] GC(4) Humongous regions: 9->9
[2026-04-16T17:39:50.651+0900][gc,metaspace] GC(4) Metaspace: 35843K(36160K)->35843K(36160K) NonClass: 31826K(32000K)->31826K(32000K) Class: 4017K(4160K)->4017K(4160K)
[2026-04-16T17:39:50.651+0900][gc          ] GC(4) Pause Young (Concurrent Start) (Metadata GC Threshold) 48M->25M(1024M) 1.538ms
[2026-04-16T17:39:50.651+0900][gc,cpu      ] GC(4) User=0.02s Sys=0.00s Real=0.01s
[2026-04-16T17:39:50.651+0900][gc          ] GC(5) Concurrent Mark Cycle
[2026-04-16T17:39:50.651+0900][gc,marking  ] GC(5) Concurrent Clear Claimed Marks
[2026-04-16T17:39:50.651+0900][gc,marking  ] GC(5) Concurrent Clear Claimed Marks 0.010ms
[2026-04-16T17:39:50.651+0900][gc,marking  ] GC(5) Concurrent Scan Root Regions
[2026-04-16T17:39:50.652+0900][gc,marking  ] GC(5) Concurrent Scan Root Regions 1.150ms
[2026-04-16T17:39:50.652+0900][gc,marking  ] GC(5) Concurrent Mark
[2026-04-16T17:39:50.652+0900][gc,marking  ] GC(5) Concurrent Mark From Roots
[2026-04-16T17:39:50.652+0900][gc,task     ] GC(5) Using 2 workers of 2 for marking
[2026-04-16T17:39:50.654+0900][gc,marking  ] GC(5) Concurrent Mark From Roots 1.864ms
[2026-04-16T17:39:50.654+0900][gc,marking  ] GC(5) Concurrent Preclean
[2026-04-16T17:39:50.654+0900][gc,marking  ] GC(5) Concurrent Preclean 0.020ms
[2026-04-16T17:39:50.654+0900][gc,start    ] GC(5) Pause Remark
[2026-04-16T17:39:50.655+0900][gc          ] GC(5) Pause Remark 26M->26M(1024M) 0.500ms
[2026-04-16T17:39:50.655+0900][gc,cpu      ] GC(5) User=0.00s Sys=0.00s Real=0.00s
[2026-04-16T17:39:50.655+0900][gc,marking  ] GC(5) Concurrent Mark 2.848ms
[2026-04-16T17:39:50.655+0900][gc,marking  ] GC(5) Concurrent Rebuild Remembered Sets
[2026-04-16T17:39:50.656+0900][gc,marking  ] GC(5) Concurrent Rebuild Remembered Sets 1.305ms
[2026-04-16T17:39:50.656+0900][gc,start    ] GC(5) Pause Cleanup
[2026-04-16T17:39:50.656+0900][gc          ] GC(5) Pause Cleanup 27M->27M(1024M) 0.082ms
[2026-04-16T17:39:50.656+0900][gc,cpu      ] GC(5) User=0.00s Sys=0.00s Real=0.00s
[2026-04-16T17:39:50.656+0900][gc,marking  ] GC(5) Concurrent Cleanup for Next Mark
[2026-04-16T17:39:50.657+0900][gc,marking  ] GC(5) Concurrent Cleanup for Next Mark 0.865ms
[2026-04-16T17:39:50.657+0900][gc          ] GC(5) Concurrent Mark Cycle 6.352ms
[2026-04-16T17:40:03.792+0900][gc,heap,exit] Heap
[2026-04-16T17:40:03.792+0900][gc,heap,exit]  garbage-first heap   total 1048576K, used 191794K [0x000000056a800000, 0x00000005aa800000)
[2026-04-16T17:40:03.792+0900][gc,heap,exit]   region size 1024K, 40 young (40960K), 7 survivors (7168K)
[2026-04-16T17:40:03.792+0900][gc,heap,exit]  Metaspace       used 39978K, committed 40384K, reserved 1114112K
[2026-04-16T17:40:03.792+0900][gc,heap,exit]   class space    used 4691K, committed 4864K, reserved 1048576K
